AR lfsr behavioral C:/Users/chinna/Desktop/Watermarking/test/LFSR.vhd sub00/vhpl03 1367259993
CF conf_rijndael_top_iter NULL "C:/Users/chinna/Desktop/AES algorigtms/RIJNDAEL128/vhdl/RIJNDAEL_Top_Iterative.vhdl" sub00/vhpl26 1367259998
AR nobox_dec_slice rtl "C:/Users/chinna/Desktop/AES algorigtms/RIJNDAEL128/vhdl/nobox_dec_slice.vhdl" sub00/vhpl11 1367257173
EN control_iter NULL "C:/Users/chinna/Desktop/AES algorigtms/RIJNDAEL128/vhdl/controller_iter.vhdl" sub00/vhpl16 1367259982
EN alg_iterative NULL "C:/Users/chinna/Desktop/AES algorigtms/RIJNDAEL128/vhdl/alg_iterative.vhdl" sub00/vhpl20 1367259986
PB rijndael_pack rijndael_pack "C:/Users/chinna/Desktop/AES algorigtms/RIJNDAEL128/vhdl/rijndael_pkg.vhdl" sub00/vhpl09 1367259981
AR wgc behavioral C:/Users/chinna/Desktop/Watermarking/test/total.vhd sub00/vhpl01 1367259991
EN rijndael_top_iter NULL "C:/Users/chinna/Desktop/AES algorigtms/RIJNDAEL128/vhdl/RIJNDAEL_Top_Iterative.vhdl" sub00/vhpl24 1367259996
PH rijndael_pack NULL "C:/Users/chinna/Desktop/AES algorigtms/RIJNDAEL128/vhdl/rijndael_pkg.vhdl" sub00/vhpl08 1367259980
EN key_schedule_iterative NULL "C:/Users/chinna/Desktop/AES algorigtms/RIJNDAEL128/vhdl/key_sched_iterative.vhdl" sub00/vhpl18 1367259984
AR ipcore ipcore_a C:/Users/chinna/Desktop/Watermarking/test/ipcore_dir/ipcore.vhd sub00/vhpl07 1367259995
EN wgc NULL C:/Users/chinna/Desktop/Watermarking/test/total.vhd sub00/vhpl00 1367259990
EN ip_watermark NULL C:/Users/chinna/Desktop/Watermarking/test/h_watermark.vhd sub00/vhpl04 1367259999
AR nobox_enc_slice rtl "C:/Users/chinna/Desktop/AES algorigtms/RIJNDAEL128/vhdl/nobox_enc_slice.vhdl" sub00/vhpl13 1367257175
EN nobox_dec_slice NULL "C:/Users/chinna/Desktop/AES algorigtms/RIJNDAEL128/vhdl/nobox_dec_slice.vhdl" sub00/vhpl10 1367257172
EN array_reg128 NULL "C:/Users/chinna/Desktop/AES algorigtms/RIJNDAEL128/vhdl/array_reg128.vhdl" sub00/vhpl14 1367257176
EN lfsr NULL C:/Users/chinna/Desktop/Watermarking/test/LFSR.vhd sub00/vhpl02 1367259992
EN nobox_enc_slice NULL "C:/Users/chinna/Desktop/AES algorigtms/RIJNDAEL128/vhdl/nobox_enc_slice.vhdl" sub00/vhpl12 1367257174
AR interface interface_rtl "C:/Users/chinna/Desktop/AES algorigtms/RIJNDAEL128/vhdl/interface.vhdl" sub00/vhpl23 1367259989
EN ipcore NULL C:/Users/chinna/Desktop/Watermarking/test/ipcore_dir/ipcore.vhd sub00/vhpl06 1367259994
AR rijndael_top_iter structural "C:/Users/chinna/Desktop/AES algorigtms/RIJNDAEL128/vhdl/RIJNDAEL_Top_Iterative.vhdl" sub00/vhpl25 1367259997
EN interface NULL "C:/Users/chinna/Desktop/AES algorigtms/RIJNDAEL128/vhdl/interface.vhdl" sub00/vhpl22 1367259988
AR array_reg128 array_reg128_rtl "C:/Users/chinna/Desktop/AES algorigtms/RIJNDAEL128/vhdl/array_reg128.vhdl" sub00/vhpl15 1367257177
AR alg_iterative alg_iterative_rtl "C:/Users/chinna/Desktop/AES algorigtms/RIJNDAEL128/vhdl/alg_iterative.vhdl" sub00/vhpl21 1367259987
AR key_schedule_iterative key_schedule_iterative_rtl "C:/Users/chinna/Desktop/AES algorigtms/RIJNDAEL128/vhdl/key_sched_iterative.vhdl" sub00/vhpl19 1367259985
AR control_iter control_iter_rtl "C:/Users/chinna/Desktop/AES algorigtms/RIJNDAEL128/vhdl/controller_iter.vhdl" sub00/vhpl17 1367259983
AR ip_watermark behavioral C:/Users/chinna/Desktop/Watermarking/test/h_watermark.vhd sub00/vhpl05 1367260000
