--------------------------------------------------------------------------------
Release 13.2 Trace  (nt)
Copyright (c) 1995-2011 Xilinx, Inc.  All rights reserved.

D:\XilinX\13.2\ISE_DS\ISE\bin\nt\unwrapped\trce.exe -intstyle ise -v 3 -s 1L -n
3 -fastpaths -xml IP_watermarking_serpent.twx IP_watermarking_serpent.ncd -o
IP_watermarking_serpent.twr IP_watermarking_serpent.pcf -ucf
IP_watermarking_serpent.ucf

Design file:              IP_watermarking_serpent.ncd
Physical constraint file: IP_watermarking_serpent.pcf
Device,package,speed:     xc6vlx75tl,ff784,C,-1L (PRODUCTION 1.10 2011-06-20)
Report level:             verbose report

Environment Variable      Effect 
--------------------      ------ 
NONE                      No environment variables were set
--------------------------------------------------------------------------------

INFO:Timing:2698 - No timing constraints found, doing default enumeration.
INFO:Timing:2752 - To get complete path coverage, use the unconstrained paths 
   option. All paths that are not constrained will be reported in the 
   unconstrained paths section(s) of the report.
INFO:Timing:3339 - The clock-to-out numbers in this timing report are based on 
   a 50 Ohm transmission line loading model.  For the details of this model, 
   and for more information on accounting for different loading conditions, 
   please see the device datasheet.



Data Sheet report:
-----------------
All values displayed in nanoseconds (ns)

Setup/Hold to clock clk
------------+------------+------------+------------+------------+------------------+--------+
            |Max Setup to|  Process   |Max Hold to |  Process   |                  | Clock  |
Source      | clk (edge) |   Corner   | clk (edge) |   Corner   |Internal Clock(s) | Phase  |
------------+------------+------------+------------+------------+------------------+--------+
Y<0>        |    7.039(R)|      SLOW  |    0.787(R)|      SLOW  |clk_BUFGP         |   0.000|
Y<1>        |    6.738(R)|      SLOW  |    0.804(R)|      SLOW  |clk_BUFGP         |   0.000|
Y<2>        |    7.099(R)|      SLOW  |    0.150(R)|      SLOW  |clk_BUFGP         |   0.000|
Y<3>        |    7.273(R)|      SLOW  |   -0.329(R)|      SLOW  |clk_BUFGP         |   0.000|
Y<4>        |    6.781(R)|      SLOW  |    0.053(R)|      SLOW  |clk_BUFGP         |   0.000|
Y<5>        |    6.976(R)|      SLOW  |   -0.228(R)|      SLOW  |clk_BUFGP         |   0.000|
Y<6>        |    6.916(R)|      SLOW  |   -0.629(R)|      FAST  |clk_BUFGP         |   0.000|
Y<7>        |    7.015(R)|      SLOW  |   -0.744(R)|      FAST  |clk_BUFGP         |   0.000|
Y<8>        |    7.156(R)|      SLOW  |   -0.075(R)|      SLOW  |clk_BUFGP         |   0.000|
Y<9>        |    6.902(R)|      SLOW  |   -0.145(R)|      SLOW  |clk_BUFGP         |   0.000|
Y<10>       |    6.352(R)|      SLOW  |   -0.451(R)|      FAST  |clk_BUFGP         |   0.000|
Y<11>       |    6.606(R)|      SLOW  |   -0.600(R)|      FAST  |clk_BUFGP         |   0.000|
Y<12>       |    7.226(R)|      SLOW  |   -0.698(R)|      FAST  |clk_BUFGP         |   0.000|
Y<13>       |    6.592(R)|      SLOW  |   -0.538(R)|      FAST  |clk_BUFGP         |   0.000|
Y<14>       |    6.053(R)|      SLOW  |   -0.634(R)|      FAST  |clk_BUFGP         |   0.000|
Y<15>       |    6.354(R)|      SLOW  |   -0.842(R)|      FAST  |clk_BUFGP         |   0.000|
Y<16>       |    2.301(R)|      SLOW  |    0.666(R)|      SLOW  |clk_BUFGP         |   0.000|
Y<17>       |    2.314(R)|      SLOW  |    0.532(R)|      SLOW  |clk_BUFGP         |   0.000|
clk_en      |    0.325(R)|      FAST  |    1.931(R)|      SLOW  |clk_BUFGP         |   0.000|
x<0>        |    7.168(R)|      SLOW  |    0.872(R)|      SLOW  |clk_BUFGP         |   0.000|
x<1>        |    6.929(R)|      SLOW  |    1.021(R)|      SLOW  |clk_BUFGP         |   0.000|
x<2>        |    6.725(R)|      SLOW  |    0.849(R)|      SLOW  |clk_BUFGP         |   0.000|
x<3>        |    6.972(R)|      SLOW  |    0.430(R)|      SLOW  |clk_BUFGP         |   0.000|
x<4>        |    6.271(R)|      SLOW  |    0.430(R)|      SLOW  |clk_BUFGP         |   0.000|
x<5>        |    6.612(R)|      SLOW  |    0.303(R)|      SLOW  |clk_BUFGP         |   0.000|
x<6>        |    6.165(R)|      SLOW  |    0.461(R)|      SLOW  |clk_BUFGP         |   0.000|
x<7>        |    6.310(R)|      SLOW  |    0.514(R)|      SLOW  |clk_BUFGP         |   0.000|
x<8>        |    6.201(R)|      SLOW  |    0.670(R)|      SLOW  |clk_BUFGP         |   0.000|
x<9>        |    5.893(R)|      SLOW  |    0.521(R)|      SLOW  |clk_BUFGP         |   0.000|
x<10>       |    5.729(R)|      SLOW  |    0.405(R)|      SLOW  |clk_BUFGP         |   0.000|
x<11>       |    5.782(R)|      SLOW  |    0.408(R)|      SLOW  |clk_BUFGP         |   0.000|
x<12>       |    5.549(R)|      SLOW  |    0.672(R)|      SLOW  |clk_BUFGP         |   0.000|
x<13>       |    5.423(R)|      SLOW  |    0.761(R)|      SLOW  |clk_BUFGP         |   0.000|
x<14>       |    5.566(R)|      SLOW  |    0.861(R)|      SLOW  |clk_BUFGP         |   0.000|
x<15>       |    5.668(R)|      SLOW  |    0.502(R)|      SLOW  |clk_BUFGP         |   0.000|
x<16>       |    5.191(R)|      SLOW  |    0.692(R)|      SLOW  |clk_BUFGP         |   0.000|
x<17>       |    5.265(R)|      SLOW  |    0.584(R)|      SLOW  |clk_BUFGP         |   0.000|
------------+------------+------------+------------+------------+------------------+--------+

Clock clk to Pad
---------------------+-----------------+------------+-----------------+------------+------------------+--------+
                     |Max (slowest) clk|  Process   |Min (fastest) clk|  Process   |                  | Clock  |
Destination          |  (edge) to PAD  |   Corner   |  (edge) to PAD  |   Corner   |Internal Clock(s) | Phase  |
---------------------+-----------------+------------+-----------------+------------+------------------+--------+
DONE                 |         7.566(R)|      SLOW  |         3.354(R)|      FAST  |clk_BUFGP         |   0.000|
watermark_output<0>  |        11.971(R)|      SLOW  |         3.853(R)|      FAST  |clk_BUFGP         |   0.000|
watermark_output<1>  |        11.797(R)|      SLOW  |         4.070(R)|      FAST  |clk_BUFGP         |   0.000|
watermark_output<2>  |        11.678(R)|      SLOW  |         3.766(R)|      FAST  |clk_BUFGP         |   0.000|
watermark_output<3>  |        11.569(R)|      SLOW  |         3.721(R)|      FAST  |clk_BUFGP         |   0.000|
watermark_output<4>  |        11.245(R)|      SLOW  |         4.297(R)|      FAST  |clk_BUFGP         |   0.000|
watermark_output<5>  |        10.963(R)|      SLOW  |         4.050(R)|      FAST  |clk_BUFGP         |   0.000|
watermark_output<6>  |        11.196(R)|      SLOW  |         4.303(R)|      FAST  |clk_BUFGP         |   0.000|
watermark_output<7>  |        11.116(R)|      SLOW  |         4.288(R)|      FAST  |clk_BUFGP         |   0.000|
watermark_output<8>  |        11.155(R)|      SLOW  |         3.865(R)|      FAST  |clk_BUFGP         |   0.000|
watermark_output<9>  |        11.763(R)|      SLOW  |         4.522(R)|      FAST  |clk_BUFGP         |   0.000|
watermark_output<10> |        11.831(R)|      SLOW  |         4.634(R)|      FAST  |clk_BUFGP         |   0.000|
watermark_output<11> |        11.064(R)|      SLOW  |         4.306(R)|      FAST  |clk_BUFGP         |   0.000|
watermark_output<12> |        10.917(R)|      SLOW  |         4.147(R)|      FAST  |clk_BUFGP         |   0.000|
watermark_output<13> |        11.401(R)|      SLOW  |         3.947(R)|      FAST  |clk_BUFGP         |   0.000|
watermark_output<14> |        11.313(R)|      SLOW  |         3.796(R)|      FAST  |clk_BUFGP         |   0.000|
watermark_output<15> |        11.040(R)|      SLOW  |         3.997(R)|      FAST  |clk_BUFGP         |   0.000|
watermark_output<16> |        11.007(R)|      SLOW  |         3.775(R)|      FAST  |clk_BUFGP         |   0.000|
watermark_output<17> |        11.099(R)|      SLOW  |         3.829(R)|      FAST  |clk_BUFGP         |   0.000|
watermark_output<18> |        10.993(R)|      SLOW  |         3.744(R)|      FAST  |clk_BUFGP         |   0.000|
watermark_output<19> |        12.297(R)|      SLOW  |         4.366(R)|      FAST  |clk_BUFGP         |   0.000|
watermark_output<20> |        11.567(R)|      SLOW  |         3.809(R)|      FAST  |clk_BUFGP         |   0.000|
watermark_output<21> |        12.097(R)|      SLOW  |         4.111(R)|      FAST  |clk_BUFGP         |   0.000|
watermark_output<22> |        11.478(R)|      SLOW  |         4.098(R)|      FAST  |clk_BUFGP         |   0.000|
watermark_output<23> |        12.212(R)|      SLOW  |         4.249(R)|      FAST  |clk_BUFGP         |   0.000|
watermark_output<24> |        11.349(R)|      SLOW  |         4.354(R)|      FAST  |clk_BUFGP         |   0.000|
watermark_output<25> |        11.236(R)|      SLOW  |         3.832(R)|      FAST  |clk_BUFGP         |   0.000|
watermark_output<26> |        11.793(R)|      SLOW  |         4.232(R)|      FAST  |clk_BUFGP         |   0.000|
watermark_output<27> |        11.729(R)|      SLOW  |         4.479(R)|      FAST  |clk_BUFGP         |   0.000|
watermark_output<28> |        12.682(R)|      SLOW  |         4.622(R)|      FAST  |clk_BUFGP         |   0.000|
watermark_output<29> |        11.971(R)|      SLOW  |         4.654(R)|      FAST  |clk_BUFGP         |   0.000|
watermark_output<30> |        12.068(R)|      SLOW  |         4.712(R)|      FAST  |clk_BUFGP         |   0.000|
watermark_output<31> |        11.700(R)|      SLOW  |         4.351(R)|      FAST  |clk_BUFGP         |   0.000|
watermark_output<32> |        12.893(R)|      SLOW  |         4.536(R)|      FAST  |clk_BUFGP         |   0.000|
watermark_output<33> |        11.520(R)|      SLOW  |         4.458(R)|      FAST  |clk_BUFGP         |   0.000|
watermark_output<34> |        12.138(R)|      SLOW  |         4.749(R)|      FAST  |clk_BUFGP         |   0.000|
watermark_output<35> |        12.045(R)|      SLOW  |         4.640(R)|      FAST  |clk_BUFGP         |   0.000|
watermark_output<36> |        12.783(R)|      SLOW  |         4.876(R)|      FAST  |clk_BUFGP         |   0.000|
watermark_output<37> |        12.792(R)|      SLOW  |         4.684(R)|      FAST  |clk_BUFGP         |   0.000|
watermark_output<38> |        12.738(R)|      SLOW  |         4.323(R)|      FAST  |clk_BUFGP         |   0.000|
watermark_output<39> |        12.864(R)|      SLOW  |         4.708(R)|      FAST  |clk_BUFGP         |   0.000|
watermark_output<40> |        12.981(R)|      SLOW  |         4.679(R)|      FAST  |clk_BUFGP         |   0.000|
watermark_output<41> |        12.720(R)|      SLOW  |         4.413(R)|      FAST  |clk_BUFGP         |   0.000|
watermark_output<42> |        12.730(R)|      SLOW  |         4.346(R)|      FAST  |clk_BUFGP         |   0.000|
watermark_output<43> |        13.715(R)|      SLOW  |         4.695(R)|      FAST  |clk_BUFGP         |   0.000|
watermark_output<44> |        12.454(R)|      SLOW  |         3.867(R)|      FAST  |clk_BUFGP         |   0.000|
watermark_output<45> |        13.096(R)|      SLOW  |         4.296(R)|      FAST  |clk_BUFGP         |   0.000|
watermark_output<46> |        12.000(R)|      SLOW  |         3.668(R)|      FAST  |clk_BUFGP         |   0.000|
watermark_output<47> |        11.394(R)|      SLOW  |         3.993(R)|      FAST  |clk_BUFGP         |   0.000|
watermark_output<48> |        11.880(R)|      SLOW  |         4.064(R)|      FAST  |clk_BUFGP         |   0.000|
watermark_output<49> |        11.668(R)|      SLOW  |         3.964(R)|      FAST  |clk_BUFGP         |   0.000|
watermark_output<50> |        12.117(R)|      SLOW  |         4.033(R)|      FAST  |clk_BUFGP         |   0.000|
watermark_output<51> |        11.782(R)|      SLOW  |         3.822(R)|      FAST  |clk_BUFGP         |   0.000|
watermark_output<52> |        11.045(R)|      SLOW  |         3.969(R)|      FAST  |clk_BUFGP         |   0.000|
watermark_output<53> |        11.280(R)|      SLOW  |         4.183(R)|      FAST  |clk_BUFGP         |   0.000|
watermark_output<54> |        11.550(R)|      SLOW  |         3.885(R)|      FAST  |clk_BUFGP         |   0.000|
watermark_output<55> |        11.537(R)|      SLOW  |         4.046(R)|      FAST  |clk_BUFGP         |   0.000|
watermark_output<56> |        12.477(R)|      SLOW  |         4.196(R)|      FAST  |clk_BUFGP         |   0.000|
watermark_output<57> |        12.685(R)|      SLOW  |         4.666(R)|      FAST  |clk_BUFGP         |   0.000|
watermark_output<58> |        12.496(R)|      SLOW  |         3.973(R)|      FAST  |clk_BUFGP         |   0.000|
watermark_output<59> |        13.208(R)|      SLOW  |         4.474(R)|      FAST  |clk_BUFGP         |   0.000|
watermark_output<60> |        12.998(R)|      SLOW  |         3.755(R)|      FAST  |clk_BUFGP         |   0.000|
watermark_output<61> |        13.445(R)|      SLOW  |         4.387(R)|      FAST  |clk_BUFGP         |   0.000|
watermark_output<62> |        13.191(R)|      SLOW  |         4.388(R)|      FAST  |clk_BUFGP         |   0.000|
watermark_output<63> |        12.863(R)|      SLOW  |         4.081(R)|      FAST  |clk_BUFGP         |   0.000|
watermark_output<64> |        12.121(R)|      SLOW  |         3.938(R)|      FAST  |clk_BUFGP         |   0.000|
watermark_output<65> |        12.074(R)|      SLOW  |         4.179(R)|      FAST  |clk_BUFGP         |   0.000|
watermark_output<66> |        12.466(R)|      SLOW  |         4.176(R)|      FAST  |clk_BUFGP         |   0.000|
watermark_output<67> |        12.678(R)|      SLOW  |         4.424(R)|      FAST  |clk_BUFGP         |   0.000|
watermark_output<68> |        12.541(R)|      SLOW  |         4.127(R)|      FAST  |clk_BUFGP         |   0.000|
watermark_output<69> |        12.555(R)|      SLOW  |         4.175(R)|      FAST  |clk_BUFGP         |   0.000|
watermark_output<70> |        12.362(R)|      SLOW  |         4.039(R)|      FAST  |clk_BUFGP         |   0.000|
watermark_output<71> |        12.511(R)|      SLOW  |         4.572(R)|      FAST  |clk_BUFGP         |   0.000|
watermark_output<72> |        12.632(R)|      SLOW  |         3.920(R)|      FAST  |clk_BUFGP         |   0.000|
watermark_output<73> |        12.250(R)|      SLOW  |         3.450(R)|      FAST  |clk_BUFGP         |   0.000|
watermark_output<74> |        12.398(R)|      SLOW  |         4.079(R)|      FAST  |clk_BUFGP         |   0.000|
watermark_output<75> |        12.302(R)|      SLOW  |         4.392(R)|      FAST  |clk_BUFGP         |   0.000|
watermark_output<76> |        12.895(R)|      SLOW  |         3.944(R)|      FAST  |clk_BUFGP         |   0.000|
watermark_output<77> |        12.743(R)|      SLOW  |         4.159(R)|      FAST  |clk_BUFGP         |   0.000|
watermark_output<78> |        12.639(R)|      SLOW  |         4.452(R)|      FAST  |clk_BUFGP         |   0.000|
watermark_output<79> |        12.804(R)|      SLOW  |         4.553(R)|      FAST  |clk_BUFGP         |   0.000|
watermark_output<80> |        12.698(R)|      SLOW  |         4.501(R)|      FAST  |clk_BUFGP         |   0.000|
watermark_output<81> |        12.797(R)|      SLOW  |         4.593(R)|      FAST  |clk_BUFGP         |   0.000|
watermark_output<82> |        12.700(R)|      SLOW  |         4.563(R)|      FAST  |clk_BUFGP         |   0.000|
watermark_output<83> |        13.362(R)|      SLOW  |         4.914(R)|      FAST  |clk_BUFGP         |   0.000|
watermark_output<84> |        11.933(R)|      SLOW  |         4.228(R)|      FAST  |clk_BUFGP         |   0.000|
watermark_output<85> |        12.456(R)|      SLOW  |         4.432(R)|      FAST  |clk_BUFGP         |   0.000|
watermark_output<86> |        13.203(R)|      SLOW  |         4.783(R)|      FAST  |clk_BUFGP         |   0.000|
watermark_output<87> |        12.570(R)|      SLOW  |         3.998(R)|      FAST  |clk_BUFGP         |   0.000|
watermark_output<88> |        12.958(R)|      SLOW  |         4.557(R)|      FAST  |clk_BUFGP         |   0.000|
watermark_output<89> |        12.395(R)|      SLOW  |         4.737(R)|      FAST  |clk_BUFGP         |   0.000|
watermark_output<90> |        12.094(R)|      SLOW  |         3.848(R)|      FAST  |clk_BUFGP         |   0.000|
watermark_output<91> |        12.496(R)|      SLOW  |         4.199(R)|      FAST  |clk_BUFGP         |   0.000|
watermark_output<92> |        12.557(R)|      SLOW  |         4.000(R)|      FAST  |clk_BUFGP         |   0.000|
watermark_output<93> |        12.346(R)|      SLOW  |         3.908(R)|      FAST  |clk_BUFGP         |   0.000|
watermark_output<94> |        12.731(R)|      SLOW  |         4.063(R)|      FAST  |clk_BUFGP         |   0.000|
watermark_output<95> |        12.671(R)|      SLOW  |         3.858(R)|      FAST  |clk_BUFGP         |   0.000|
watermark_output<96> |        12.295(R)|      SLOW  |         4.521(R)|      FAST  |clk_BUFGP         |   0.000|
watermark_output<97> |        12.016(R)|      SLOW  |         4.515(R)|      FAST  |clk_BUFGP         |   0.000|
watermark_output<98> |        12.374(R)|      SLOW  |         4.072(R)|      FAST  |clk_BUFGP         |   0.000|
watermark_output<99> |        12.096(R)|      SLOW  |         3.913(R)|      FAST  |clk_BUFGP         |   0.000|
watermark_output<100>|        11.980(R)|      SLOW  |         3.726(R)|      FAST  |clk_BUFGP         |   0.000|
watermark_output<101>|        12.372(R)|      SLOW  |         4.066(R)|      FAST  |clk_BUFGP         |   0.000|
watermark_output<102>|        12.343(R)|      SLOW  |         3.583(R)|      FAST  |clk_BUFGP         |   0.000|
watermark_output<103>|        12.883(R)|      SLOW  |         4.088(R)|      FAST  |clk_BUFGP         |   0.000|
watermark_output<104>|        12.720(R)|      SLOW  |         3.803(R)|      FAST  |clk_BUFGP         |   0.000|
watermark_output<105>|        13.092(R)|      SLOW  |         3.958(R)|      FAST  |clk_BUFGP         |   0.000|
watermark_output<106>|        12.728(R)|      SLOW  |         3.968(R)|      FAST  |clk_BUFGP         |   0.000|
watermark_output<107>|        12.848(R)|      SLOW  |         4.252(R)|      FAST  |clk_BUFGP         |   0.000|
watermark_output<108>|        12.809(R)|      SLOW  |         3.946(R)|      FAST  |clk_BUFGP         |   0.000|
watermark_output<109>|        12.114(R)|      SLOW  |         3.895(R)|      FAST  |clk_BUFGP         |   0.000|
watermark_output<110>|        13.243(R)|      SLOW  |         4.684(R)|      FAST  |clk_BUFGP         |   0.000|
watermark_output<111>|        13.006(R)|      SLOW  |         4.592(R)|      FAST  |clk_BUFGP         |   0.000|
watermark_output<112>|        12.874(R)|      SLOW  |         4.582(R)|      FAST  |clk_BUFGP         |   0.000|
watermark_output<113>|        12.718(R)|      SLOW  |         4.714(R)|      FAST  |clk_BUFGP         |   0.000|
watermark_output<114>|        13.569(R)|      SLOW  |         4.720(R)|      FAST  |clk_BUFGP         |   0.000|
watermark_output<115>|        13.504(R)|      SLOW  |         4.695(R)|      FAST  |clk_BUFGP         |   0.000|
watermark_output<116>|        13.391(R)|      SLOW  |         5.284(R)|      FAST  |clk_BUFGP         |   0.000|
watermark_output<117>|        13.684(R)|      SLOW  |         5.215(R)|      FAST  |clk_BUFGP         |   0.000|
watermark_output<118>|        13.320(R)|      SLOW  |         5.048(R)|      FAST  |clk_BUFGP         |   0.000|
watermark_output<119>|        13.904(R)|      SLOW  |         5.184(R)|      FAST  |clk_BUFGP         |   0.000|
watermark_output<120>|        13.184(R)|      SLOW  |         5.206(R)|      FAST  |clk_BUFGP         |   0.000|
watermark_output<121>|        14.394(R)|      SLOW  |         5.515(R)|      FAST  |clk_BUFGP         |   0.000|
watermark_output<122>|        13.431(R)|      SLOW  |         4.565(R)|      FAST  |clk_BUFGP         |   0.000|
watermark_output<123>|        12.589(R)|      SLOW  |         4.856(R)|      FAST  |clk_BUFGP         |   0.000|
watermark_output<124>|        13.166(R)|      SLOW  |         4.562(R)|      FAST  |clk_BUFGP         |   0.000|
watermark_output<125>|        13.476(R)|      SLOW  |         4.665(R)|      FAST  |clk_BUFGP         |   0.000|
watermark_output<126>|        13.283(R)|      SLOW  |         4.559(R)|      FAST  |clk_BUFGP         |   0.000|
watermark_output<127>|        12.657(R)|      SLOW  |         4.661(R)|      FAST  |clk_BUFGP         |   0.000|
---------------------+-----------------+------------+-----------------+------------+------------------+--------+

Clock rst to Pad
--------------+-----------------+------------+-----------------+------------+---------------------------+--------+
              |Max (slowest) clk|  Process   |Min (fastest) clk|  Process   |                           | Clock  |
Destination   |  (edge) to PAD  |   Corner   |  (edge) to PAD  |   Corner   |Internal Clock(s)          | Phase  |
--------------+-----------------+------------+-----------------+------------+---------------------------+--------+
output_dev<0> |        12.753(F)|      SLOW  |         6.383(F)|      FAST  |test_mode_rst_OR_106_o_BUFG|   0.000|
output_dev<1> |        12.764(F)|      SLOW  |         6.393(F)|      FAST  |test_mode_rst_OR_106_o_BUFG|   0.000|
output_dev<2> |        12.750(F)|      SLOW  |         6.380(F)|      FAST  |test_mode_rst_OR_106_o_BUFG|   0.000|
output_dev<3> |        12.745(F)|      SLOW  |         6.376(F)|      FAST  |test_mode_rst_OR_106_o_BUFG|   0.000|
output_dev<4> |        12.716(F)|      SLOW  |         6.352(F)|      FAST  |test_mode_rst_OR_106_o_BUFG|   0.000|
output_dev<5> |        12.722(F)|      SLOW  |         6.357(F)|      FAST  |test_mode_rst_OR_106_o_BUFG|   0.000|
output_dev<6> |        12.735(F)|      SLOW  |         6.367(F)|      FAST  |test_mode_rst_OR_106_o_BUFG|   0.000|
output_dev<7> |        12.737(F)|      SLOW  |         6.369(F)|      FAST  |test_mode_rst_OR_106_o_BUFG|   0.000|
output_dev<8> |        12.711(F)|      SLOW  |         6.348(F)|      FAST  |test_mode_rst_OR_106_o_BUFG|   0.000|
output_dev<9> |        12.720(F)|      SLOW  |         6.356(F)|      FAST  |test_mode_rst_OR_106_o_BUFG|   0.000|
output_dev<10>|        12.783(F)|      SLOW  |         6.410(F)|      FAST  |test_mode_rst_OR_106_o_BUFG|   0.000|
output_dev<11>|        12.790(F)|      SLOW  |         6.417(F)|      FAST  |test_mode_rst_OR_106_o_BUFG|   0.000|
output_dev<12>|        12.753(F)|      SLOW  |         6.386(F)|      FAST  |test_mode_rst_OR_106_o_BUFG|   0.000|
output_dev<13>|        12.759(F)|      SLOW  |         6.391(F)|      FAST  |test_mode_rst_OR_106_o_BUFG|   0.000|
output_dev<14>|        12.767(F)|      SLOW  |         6.397(F)|      FAST  |test_mode_rst_OR_106_o_BUFG|   0.000|
output_dev<15>|        12.775(F)|      SLOW  |         6.404(F)|      FAST  |test_mode_rst_OR_106_o_BUFG|   0.000|
output_dev<16>|        12.711(F)|      SLOW  |         6.349(F)|      FAST  |test_mode_rst_OR_106_o_BUFG|   0.000|
output_dev<17>|        12.715(F)|      SLOW  |         6.352(F)|      FAST  |test_mode_rst_OR_106_o_BUFG|   0.000|
output_dev<18>|        12.773(F)|      SLOW  |         6.403(F)|      FAST  |test_mode_rst_OR_106_o_BUFG|   0.000|
output_dev<19>|        12.775(F)|      SLOW  |         6.404(F)|      FAST  |test_mode_rst_OR_106_o_BUFG|   0.000|
output_dev<20>|        12.731(F)|      SLOW  |         6.367(F)|      FAST  |test_mode_rst_OR_106_o_BUFG|   0.000|
output_dev<21>|        12.734(F)|      SLOW  |         6.369(F)|      FAST  |test_mode_rst_OR_106_o_BUFG|   0.000|
output_dev<22>|        12.742(F)|      SLOW  |         6.376(F)|      FAST  |test_mode_rst_OR_106_o_BUFG|   0.000|
output_dev<23>|        12.746(F)|      SLOW  |         6.380(F)|      FAST  |test_mode_rst_OR_106_o_BUFG|   0.000|
output_dev<24>|        12.748(F)|      SLOW  |         6.380(F)|      FAST  |test_mode_rst_OR_106_o_BUFG|   0.000|
output_dev<25>|        12.754(F)|      SLOW  |         6.385(F)|      FAST  |test_mode_rst_OR_106_o_BUFG|   0.000|
output_dev<26>|        12.780(F)|      SLOW  |         6.408(F)|      FAST  |test_mode_rst_OR_106_o_BUFG|   0.000|
output_dev<27>|        12.789(F)|      SLOW  |         6.415(F)|      FAST  |test_mode_rst_OR_106_o_BUFG|   0.000|
output_dev<28>|        12.793(F)|      SLOW  |         6.419(F)|      FAST  |test_mode_rst_OR_106_o_BUFG|   0.000|
output_dev<29>|        12.785(F)|      SLOW  |         6.413(F)|      FAST  |test_mode_rst_OR_106_o_BUFG|   0.000|
output_dev<30>|        12.783(F)|      SLOW  |         6.410(F)|      FAST  |test_mode_rst_OR_106_o_BUFG|   0.000|
output_dev<31>|        12.775(F)|      SLOW  |         6.403(F)|      FAST  |test_mode_rst_OR_106_o_BUFG|   0.000|
output_dev<32>|        12.777(F)|      SLOW  |         6.406(F)|      FAST  |test_mode_rst_OR_106_o_BUFG|   0.000|
output_dev<33>|        12.773(F)|      SLOW  |         6.400(F)|      FAST  |test_mode_rst_OR_106_o_BUFG|   0.000|
output_dev<34>|        12.767(F)|      SLOW  |         6.394(F)|      FAST  |test_mode_rst_OR_106_o_BUFG|   0.000|
output_dev<35>|        12.781(F)|      SLOW  |         6.407(F)|      FAST  |test_mode_rst_OR_106_o_BUFG|   0.000|
--------------+-----------------+------------+-----------------+------------+---------------------------+--------+

Clock test_mode to Pad
--------------+-----------------+------------+-----------------+------------+---------------------------+--------+
              |Max (slowest) clk|  Process   |Min (fastest) clk|  Process   |                           | Clock  |
Destination   |  (edge) to PAD  |   Corner   |  (edge) to PAD  |   Corner   |Internal Clock(s)          | Phase  |
--------------+-----------------+------------+-----------------+------------+---------------------------+--------+
output_dev<0> |        13.165(F)|      SLOW  |         6.547(F)|      FAST  |test_mode_rst_OR_106_o_BUFG|   0.000|
output_dev<1> |        13.176(F)|      SLOW  |         6.557(F)|      FAST  |test_mode_rst_OR_106_o_BUFG|   0.000|
output_dev<2> |        13.162(F)|      SLOW  |         6.544(F)|      FAST  |test_mode_rst_OR_106_o_BUFG|   0.000|
output_dev<3> |        13.157(F)|      SLOW  |         6.540(F)|      FAST  |test_mode_rst_OR_106_o_BUFG|   0.000|
output_dev<4> |        13.128(F)|      SLOW  |         6.516(F)|      FAST  |test_mode_rst_OR_106_o_BUFG|   0.000|
output_dev<5> |        13.134(F)|      SLOW  |         6.521(F)|      FAST  |test_mode_rst_OR_106_o_BUFG|   0.000|
output_dev<6> |        13.147(F)|      SLOW  |         6.531(F)|      FAST  |test_mode_rst_OR_106_o_BUFG|   0.000|
output_dev<7> |        13.149(F)|      SLOW  |         6.533(F)|      FAST  |test_mode_rst_OR_106_o_BUFG|   0.000|
output_dev<8> |        13.123(F)|      SLOW  |         6.512(F)|      FAST  |test_mode_rst_OR_106_o_BUFG|   0.000|
output_dev<9> |        13.132(F)|      SLOW  |         6.520(F)|      FAST  |test_mode_rst_OR_106_o_BUFG|   0.000|
output_dev<10>|        13.195(F)|      SLOW  |         6.574(F)|      FAST  |test_mode_rst_OR_106_o_BUFG|   0.000|
output_dev<11>|        13.202(F)|      SLOW  |         6.581(F)|      FAST  |test_mode_rst_OR_106_o_BUFG|   0.000|
output_dev<12>|        13.165(F)|      SLOW  |         6.550(F)|      FAST  |test_mode_rst_OR_106_o_BUFG|   0.000|
output_dev<13>|        13.171(F)|      SLOW  |         6.555(F)|      FAST  |test_mode_rst_OR_106_o_BUFG|   0.000|
output_dev<14>|        13.179(F)|      SLOW  |         6.561(F)|      FAST  |test_mode_rst_OR_106_o_BUFG|   0.000|
output_dev<15>|        13.187(F)|      SLOW  |         6.568(F)|      FAST  |test_mode_rst_OR_106_o_BUFG|   0.000|
output_dev<16>|        13.123(F)|      SLOW  |         6.513(F)|      FAST  |test_mode_rst_OR_106_o_BUFG|   0.000|
output_dev<17>|        13.127(F)|      SLOW  |         6.516(F)|      FAST  |test_mode_rst_OR_106_o_BUFG|   0.000|
output_dev<18>|        13.185(F)|      SLOW  |         6.567(F)|      FAST  |test_mode_rst_OR_106_o_BUFG|   0.000|
output_dev<19>|        13.187(F)|      SLOW  |         6.568(F)|      FAST  |test_mode_rst_OR_106_o_BUFG|   0.000|
output_dev<20>|        13.143(F)|      SLOW  |         6.531(F)|      FAST  |test_mode_rst_OR_106_o_BUFG|   0.000|
output_dev<21>|        13.146(F)|      SLOW  |         6.533(F)|      FAST  |test_mode_rst_OR_106_o_BUFG|   0.000|
output_dev<22>|        13.154(F)|      SLOW  |         6.540(F)|      FAST  |test_mode_rst_OR_106_o_BUFG|   0.000|
output_dev<23>|        13.158(F)|      SLOW  |         6.544(F)|      FAST  |test_mode_rst_OR_106_o_BUFG|   0.000|
output_dev<24>|        13.160(F)|      SLOW  |         6.544(F)|      FAST  |test_mode_rst_OR_106_o_BUFG|   0.000|
output_dev<25>|        13.166(F)|      SLOW  |         6.549(F)|      FAST  |test_mode_rst_OR_106_o_BUFG|   0.000|
output_dev<26>|        13.192(F)|      SLOW  |         6.572(F)|      FAST  |test_mode_rst_OR_106_o_BUFG|   0.000|
output_dev<27>|        13.201(F)|      SLOW  |         6.579(F)|      FAST  |test_mode_rst_OR_106_o_BUFG|   0.000|
output_dev<28>|        13.205(F)|      SLOW  |         6.583(F)|      FAST  |test_mode_rst_OR_106_o_BUFG|   0.000|
output_dev<29>|        13.197(F)|      SLOW  |         6.577(F)|      FAST  |test_mode_rst_OR_106_o_BUFG|   0.000|
output_dev<30>|        13.195(F)|      SLOW  |         6.574(F)|      FAST  |test_mode_rst_OR_106_o_BUFG|   0.000|
output_dev<31>|        13.187(F)|      SLOW  |         6.567(F)|      FAST  |test_mode_rst_OR_106_o_BUFG|   0.000|
output_dev<32>|        13.189(F)|      SLOW  |         6.570(F)|      FAST  |test_mode_rst_OR_106_o_BUFG|   0.000|
output_dev<33>|        13.185(F)|      SLOW  |         6.564(F)|      FAST  |test_mode_rst_OR_106_o_BUFG|   0.000|
output_dev<34>|        13.179(F)|      SLOW  |         6.558(F)|      FAST  |test_mode_rst_OR_106_o_BUFG|   0.000|
output_dev<35>|        13.193(F)|      SLOW  |         6.571(F)|      FAST  |test_mode_rst_OR_106_o_BUFG|   0.000|
--------------+-----------------+------------+-----------------+------------+---------------------------+--------+

Clock to Setup on destination clock clk
---------------+---------+---------+---------+---------+
               | Src:Rise| Src:Fall| Src:Rise| Src:Fall|
Source Clock   |Dest:Rise|Dest:Rise|Dest:Fall|Dest:Fall|
---------------+---------+---------+---------+---------+
clk            |    4.922|         |         |         |
rst            |    5.496|    7.101|         |         |
test_mode      |    5.169|    5.169|         |         |
---------------+---------+---------+---------+---------+

Clock to Setup on destination clock rst
---------------+---------+---------+---------+---------+
               | Src:Rise| Src:Fall| Src:Rise| Src:Fall|
Source Clock   |Dest:Rise|Dest:Rise|Dest:Fall|Dest:Fall|
---------------+---------+---------+---------+---------+
clk            |         |         |    1.561|         |
rst            |         |         |    1.196|    1.196|
test_mode      |         |         |   -1.036|   -1.036|
---------------+---------+---------+---------+---------+

Clock to Setup on destination clock test_mode
---------------+---------+---------+---------+---------+
               | Src:Rise| Src:Fall| Src:Rise| Src:Fall|
Source Clock   |Dest:Rise|Dest:Rise|Dest:Fall|Dest:Fall|
---------------+---------+---------+---------+---------+
clk            |         |         |   -0.699|         |
test_mode      |         |         |   -1.200|   -1.200|
---------------+---------+---------+---------+---------+


Analysis completed Thu May 02 13:47:05 2013 
--------------------------------------------------------------------------------

Trace Settings:
-------------------------
Trace Settings 

Peak Memory Usage: 337 MB



